// Jest Snapshot v1, https://goo.gl/fbAQLP

exports[`App should match the snapshot 1`] = `
ShallowWrapper {
  Symbol(enzyme.__root__): [Circular],
  Symbol(enzyme.__unrendered__): <App />,
  Symbol(enzyme.__renderer__): Object {
    "batchedUpdates": [Function],
    "getNode": [Function],
    "render": [Function],
    "simulateError": [Function],
    "simulateEvent": [Function],
    "unmount": [Function],
  },
  Symbol(enzyme.__node__): Object {
    "instance": null,
    "key": undefined,
    "nodeType": "host",
    "props": Object {
      "children": Array [
        <h1>
          NotePad
        </h1>,
        <NoteForm
          addNote={[Function]}
        />,
        <DateFilter
          notes={
            Array [
              Object {
                "createdAt": 1545951483012,
                "id": "dd5aa440-0a2a-11e9-93fa-a7949507e226",
                "tag": "hobby",
                "text": "buy groceries",
              },
              Object {
                "createdAt": 1545951433152,
                "id": "bfa29c00-0a2a-11e9-93fa-a7949507e226",
                "tag": "work",
                "text": "do laundry",
              },
              Object {
                "createdAt": 1545951460092,
                "id": "cfb153c0-0a2a-11e9-93fa-a7949507e226",
                "tag": "hobby",
                "text": "play golf",
              },
              Object {
                "createdAt": 1545951504338,
                "id": "ea10bb20-0a2a-11e9-93fa-a7949507e226",
                "tag": "personal",
                "text": "buy gifts",
              },
              Object {
                "createdAt": 1545451632475,
                "id": "425ca4b0-0a2b-11e9-93fa-a7949507e226",
                "tag": "personal",
                "text": "set up tv",
              },
              Object {
                "createdAt": 1545951440518,
                "id": "c4069260-0a2a-11e9-93fa-a7949507e226",
                "tag": "work",
                "text": "run errands",
              },
            ]
          }
          setDateFilter={[Function]}
        />,
        <TagFilter
          setTagFilter={[Function]}
        />,
        <NotesList
          dateFilter={null}
          notes={
            Array [
              Object {
                "createdAt": 1545951483012,
                "id": "dd5aa440-0a2a-11e9-93fa-a7949507e226",
                "tag": "hobby",
                "text": "buy groceries",
              },
              Object {
                "createdAt": 1545951433152,
                "id": "bfa29c00-0a2a-11e9-93fa-a7949507e226",
                "tag": "work",
                "text": "do laundry",
              },
              Object {
                "createdAt": 1545951460092,
                "id": "cfb153c0-0a2a-11e9-93fa-a7949507e226",
                "tag": "hobby",
                "text": "play golf",
              },
              Object {
                "createdAt": 1545951504338,
                "id": "ea10bb20-0a2a-11e9-93fa-a7949507e226",
                "tag": "personal",
                "text": "buy gifts",
              },
              Object {
                "createdAt": 1545451632475,
                "id": "425ca4b0-0a2b-11e9-93fa-a7949507e226",
                "tag": "personal",
                "text": "set up tv",
              },
              Object {
                "createdAt": 1545951440518,
                "id": "c4069260-0a2a-11e9-93fa-a7949507e226",
                "tag": "work",
                "text": "run errands",
              },
            ]
          }
          tagFilter={null}
        />,
      ],
      "className": "App",
    },
    "ref": null,
    "rendered": Array [
      Object {
        "instance": null,
        "key": undefined,
        "nodeType": "host",
        "props": Object {
          "children": "NotePad",
        },
        "ref": null,
        "rendered": "NotePad",
        "type": "h1",
      },
      Object {
        "instance": null,
        "key": undefined,
        "nodeType": "class",
        "props": Object {
          "addNote": [Function],
        },
        "ref": null,
        "rendered": null,
        "type": [Function],
      },
      Object {
        "instance": null,
        "key": undefined,
        "nodeType": "function",
        "props": Object {
          "notes": Array [
            Object {
              "createdAt": 1545951483012,
              "id": "dd5aa440-0a2a-11e9-93fa-a7949507e226",
              "tag": "hobby",
              "text": "buy groceries",
            },
            Object {
              "createdAt": 1545951433152,
              "id": "bfa29c00-0a2a-11e9-93fa-a7949507e226",
              "tag": "work",
              "text": "do laundry",
            },
            Object {
              "createdAt": 1545951460092,
              "id": "cfb153c0-0a2a-11e9-93fa-a7949507e226",
              "tag": "hobby",
              "text": "play golf",
            },
            Object {
              "createdAt": 1545951504338,
              "id": "ea10bb20-0a2a-11e9-93fa-a7949507e226",
              "tag": "personal",
              "text": "buy gifts",
            },
            Object {
              "createdAt": 1545451632475,
              "id": "425ca4b0-0a2b-11e9-93fa-a7949507e226",
              "tag": "personal",
              "text": "set up tv",
            },
            Object {
              "createdAt": 1545951440518,
              "id": "c4069260-0a2a-11e9-93fa-a7949507e226",
              "tag": "work",
              "text": "run errands",
            },
          ],
          "setDateFilter": [Function],
        },
        "ref": null,
        "rendered": null,
        "type": [Function],
      },
      Object {
        "instance": null,
        "key": undefined,
        "nodeType": "function",
        "props": Object {
          "setTagFilter": [Function],
        },
        "ref": null,
        "rendered": null,
        "type": [Function],
      },
      Object {
        "instance": null,
        "key": undefined,
        "nodeType": "class",
        "props": Object {
          "dateFilter": null,
          "notes": Array [
            Object {
              "createdAt": 1545951483012,
              "id": "dd5aa440-0a2a-11e9-93fa-a7949507e226",
              "tag": "hobby",
              "text": "buy groceries",
            },
            Object {
              "createdAt": 1545951433152,
              "id": "bfa29c00-0a2a-11e9-93fa-a7949507e226",
              "tag": "work",
              "text": "do laundry",
            },
            Object {
              "createdAt": 1545951460092,
              "id": "cfb153c0-0a2a-11e9-93fa-a7949507e226",
              "tag": "hobby",
              "text": "play golf",
            },
            Object {
              "createdAt": 1545951504338,
              "id": "ea10bb20-0a2a-11e9-93fa-a7949507e226",
              "tag": "personal",
              "text": "buy gifts",
            },
            Object {
              "createdAt": 1545451632475,
              "id": "425ca4b0-0a2b-11e9-93fa-a7949507e226",
              "tag": "personal",
              "text": "set up tv",
            },
            Object {
              "createdAt": 1545951440518,
              "id": "c4069260-0a2a-11e9-93fa-a7949507e226",
              "tag": "work",
              "text": "run errands",
            },
          ],
          "tagFilter": null,
        },
        "ref": null,
        "rendered": null,
        "type": [Function],
      },
    ],
    "type": "div",
  },
  Symbol(enzyme.__nodes__): Array [
    Object {
      "instance": null,
      "key": undefined,
      "nodeType": "host",
      "props": Object {
        "children": Array [
          <h1>
            NotePad
          </h1>,
          <NoteForm
            addNote={[Function]}
          />,
          <DateFilter
            notes={
              Array [
                Object {
                  "createdAt": 1545951483012,
                  "id": "dd5aa440-0a2a-11e9-93fa-a7949507e226",
                  "tag": "hobby",
                  "text": "buy groceries",
                },
                Object {
                  "createdAt": 1545951433152,
                  "id": "bfa29c00-0a2a-11e9-93fa-a7949507e226",
                  "tag": "work",
                  "text": "do laundry",
                },
                Object {
                  "createdAt": 1545951460092,
                  "id": "cfb153c0-0a2a-11e9-93fa-a7949507e226",
                  "tag": "hobby",
                  "text": "play golf",
                },
                Object {
                  "createdAt": 1545951504338,
                  "id": "ea10bb20-0a2a-11e9-93fa-a7949507e226",
                  "tag": "personal",
                  "text": "buy gifts",
                },
                Object {
                  "createdAt": 1545451632475,
                  "id": "425ca4b0-0a2b-11e9-93fa-a7949507e226",
                  "tag": "personal",
                  "text": "set up tv",
                },
                Object {
                  "createdAt": 1545951440518,
                  "id": "c4069260-0a2a-11e9-93fa-a7949507e226",
                  "tag": "work",
                  "text": "run errands",
                },
              ]
            }
            setDateFilter={[Function]}
          />,
          <TagFilter
            setTagFilter={[Function]}
          />,
          <NotesList
            dateFilter={null}
            notes={
              Array [
                Object {
                  "createdAt": 1545951483012,
                  "id": "dd5aa440-0a2a-11e9-93fa-a7949507e226",
                  "tag": "hobby",
                  "text": "buy groceries",
                },
                Object {
                  "createdAt": 1545951433152,
                  "id": "bfa29c00-0a2a-11e9-93fa-a7949507e226",
                  "tag": "work",
                  "text": "do laundry",
                },
                Object {
                  "createdAt": 1545951460092,
                  "id": "cfb153c0-0a2a-11e9-93fa-a7949507e226",
                  "tag": "hobby",
                  "text": "play golf",
                },
                Object {
                  "createdAt": 1545951504338,
                  "id": "ea10bb20-0a2a-11e9-93fa-a7949507e226",
                  "tag": "personal",
                  "text": "buy gifts",
                },
                Object {
                  "createdAt": 1545451632475,
                  "id": "425ca4b0-0a2b-11e9-93fa-a7949507e226",
                  "tag": "personal",
                  "text": "set up tv",
                },
                Object {
                  "createdAt": 1545951440518,
                  "id": "c4069260-0a2a-11e9-93fa-a7949507e226",
                  "tag": "work",
                  "text": "run errands",
                },
              ]
            }
            tagFilter={null}
          />,
        ],
        "className": "App",
      },
      "ref": null,
      "rendered": Array [
        Object {
          "instance": null,
          "key": undefined,
          "nodeType": "host",
          "props": Object {
            "children": "NotePad",
          },
          "ref": null,
          "rendered": "NotePad",
          "type": "h1",
        },
        Object {
          "instance": null,
          "key": undefined,
          "nodeType": "class",
          "props": Object {
            "addNote": [Function],
          },
          "ref": null,
          "rendered": null,
          "type": [Function],
        },
        Object {
          "instance": null,
          "key": undefined,
          "nodeType": "function",
          "props": Object {
            "notes": Array [
              Object {
                "createdAt": 1545951483012,
                "id": "dd5aa440-0a2a-11e9-93fa-a7949507e226",
                "tag": "hobby",
                "text": "buy groceries",
              },
              Object {
                "createdAt": 1545951433152,
                "id": "bfa29c00-0a2a-11e9-93fa-a7949507e226",
                "tag": "work",
                "text": "do laundry",
              },
              Object {
                "createdAt": 1545951460092,
                "id": "cfb153c0-0a2a-11e9-93fa-a7949507e226",
                "tag": "hobby",
                "text": "play golf",
              },
              Object {
                "createdAt": 1545951504338,
                "id": "ea10bb20-0a2a-11e9-93fa-a7949507e226",
                "tag": "personal",
                "text": "buy gifts",
              },
              Object {
                "createdAt": 1545451632475,
                "id": "425ca4b0-0a2b-11e9-93fa-a7949507e226",
                "tag": "personal",
                "text": "set up tv",
              },
              Object {
                "createdAt": 1545951440518,
                "id": "c4069260-0a2a-11e9-93fa-a7949507e226",
                "tag": "work",
                "text": "run errands",
              },
            ],
            "setDateFilter": [Function],
          },
          "ref": null,
          "rendered": null,
          "type": [Function],
        },
        Object {
          "instance": null,
          "key": undefined,
          "nodeType": "function",
          "props": Object {
            "setTagFilter": [Function],
          },
          "ref": null,
          "rendered": null,
          "type": [Function],
        },
        Object {
          "instance": null,
          "key": undefined,
          "nodeType": "class",
          "props": Object {
            "dateFilter": null,
            "notes": Array [
              Object {
                "createdAt": 1545951483012,
                "id": "dd5aa440-0a2a-11e9-93fa-a7949507e226",
                "tag": "hobby",
                "text": "buy groceries",
              },
              Object {
                "createdAt": 1545951433152,
                "id": "bfa29c00-0a2a-11e9-93fa-a7949507e226",
                "tag": "work",
                "text": "do laundry",
              },
              Object {
                "createdAt": 1545951460092,
                "id": "cfb153c0-0a2a-11e9-93fa-a7949507e226",
                "tag": "hobby",
                "text": "play golf",
              },
              Object {
                "createdAt": 1545951504338,
                "id": "ea10bb20-0a2a-11e9-93fa-a7949507e226",
                "tag": "personal",
                "text": "buy gifts",
              },
              Object {
                "createdAt": 1545451632475,
                "id": "425ca4b0-0a2b-11e9-93fa-a7949507e226",
                "tag": "personal",
                "text": "set up tv",
              },
              Object {
                "createdAt": 1545951440518,
                "id": "c4069260-0a2a-11e9-93fa-a7949507e226",
                "tag": "work",
                "text": "run errands",
              },
            ],
            "tagFilter": null,
          },
          "ref": null,
          "rendered": null,
          "type": [Function],
        },
      ],
      "type": "div",
    },
  ],
  Symbol(enzyme.__options__): Object {
    "adapter": ReactSixteenAdapter {
      "options": Object {
        "enableComponentDidUpdateOnSetState": true,
        "lifecycles": Object {
          "componentDidUpdate": Object {
            "onSetState": true,
          },
          "getDerivedStateFromProps": true,
          "getSnapshotBeforeUpdate": true,
          "setState": Object {
            "skipsComponentDidUpdateOnNullish": true,
          },
        },
      },
    },
  },
}
`;
